 
 
 
 MEF90 Global Context:  
  geometry file:       /Users/blaise/Development/mef90/mef90-dmplex/TestMeshes/SquareFaceSet.gen 
  result file:         runTestSection.exo 
  log file:            runTestSection.log 
PetscBag Object:  MEF90Ctx () MEF90 Global options object
  verbose = 1 ; Verbosity: level
  dryrun =  FALSE; Dry run in order to validate the options file. Use in combination with -h to print help or -verbose 1 to check input deck
  time_interpolation = linear; (MEF90TimeInterpolation) Time: interpolation type
  time_min = 0. ; Time: min
  time_max = 1. ; Time: max
  time_numstep = 11 ; Time: number of time steps
  time_skip = 0 ; Time: number of time steps
  time_numCycle = 1 ; Time: number of cycles
  element_family = Lagrange; (MEF90ElementFamily) Element family (possibly overridden in application contexts)
  element_order = 1 ; Element order (possibly overridden in application contexts)
 
DM Object: cubit(SquareFaceSet.gen): 07/22/2022: 16:01:07 2 MPI processes
  type: plex
cubit(SquareFaceSet.gen): 07/22/2022: 16:01:07 in 2 dimensions:
  Number of 0-cells per rank: 9 0
  Number of 1-cells per rank: 16 0
  Number of 2-cells per rank: 8 0
Labels:
  celltype: 3 strata with value/size (0 (9), 3 (8), 1 (16))
  depth: 3 strata with value/size (0 (9), 1 (16), 2 (8))
  Cell Sets: 1 strata with value/size (1 (8))
  Vertex Sets: 2 strata with value/size (10 (3), 20 (3))
  Face Sets: 3 strata with value/size (20 (2), 21 (2), 22 (4))
DM Object: Parallel Mesh 2 MPI processes
  type: plex
Parallel Mesh in 2 dimensions:
  Number of 0-cells per rank: 9 9
  Number of 1-cells per rank: 16 16
  Number of 2-cells per rank: 8 8
Labels:
  depth: 3 strata with value/size (0 (9), 1 (16), 2 (8))
  celltype: 3 strata with value/size (0 (9), 1 (16), 3 (8))
  Cell Sets: 1 strata with value/size (1 (8))
  Vertex Sets: 2 strata with value/size (10 (3), 20 (3))
  Face Sets: 3 strata with value/size (20 (2), 21 (2), 22 (4))
PetscSection Object: U 2 MPI processes
  type not yet set
1 fields
  field 0 with 2 components
Process 0:
  (   0) dim  0 offset   0
  (   1) dim  0 offset   0
  (   2) dim  0 offset   0
  (   3) dim  0 offset   0
  (   4) dim  0 offset   0
  (   5) dim  0 offset   0
  (   6) dim  0 offset   0
  (   7) dim  0 offset   0
  (   8) dim  2 offset   0
  (   9) dim  2 offset   2
  (  10) dim  2 offset   4
  (  11) dim  2 offset   6
  (  12) dim  2 offset   8
  (  13) dim  2 offset  10
  (  14) dim  2 offset  12
  (  15) dim  2 offset  14
  (  16) dim  2 offset  16
  (  17) dim  0 offset  18
  (  18) dim  0 offset  18
  (  19) dim  0 offset  18
  (  20) dim  0 offset  18
  (  21) dim  0 offset  18
  (  22) dim  0 offset  18
  (  23) dim  0 offset  18
  (  24) dim  0 offset  18
  (  25) dim  0 offset  18
  (  26) dim  0 offset  18
  (  27) dim  0 offset  18
  (  28) dim  0 offset  18
  (  29) dim  0 offset  18
  (  30) dim  0 offset  18
  (  31) dim  0 offset  18
  (  32) dim  0 offset  18
Process 1:
  (   0) dim  0 offset   0
  (   1) dim  0 offset   0
  (   2) dim  0 offset   0
  (   3) dim  0 offset   0
  (   4) dim  0 offset   0
  (   5) dim  0 offset   0
  (   6) dim  0 offset   0
  (   7) dim  0 offset   0
  (   8) dim  2 offset   0
  (   9) dim  2 offset   2
  (  10) dim  2 offset   4
  (  11) dim  2 offset   6
  (  12) dim  2 offset   8
  (  13) dim  2 offset  10
  (  14) dim  2 offset  12
  (  15) dim  2 offset  14
  (  16) dim  2 offset  16
  (  17) dim  0 offset  18
  (  18) dim  0 offset  18
  (  19) dim  0 offset  18
  (  20) dim  0 offset  18
  (  21) dim  0 offset  18
  (  22) dim  0 offset  18
  (  23) dim  0 offset  18
  (  24) dim  0 offset  18
  (  25) dim  0 offset  18
  (  26) dim  0 offset  18
  (  27) dim  0 offset  18
  (  28) dim  0 offset  18
  (  29) dim  0 offset  18
  (  30) dim  0 offset  18
  (  31) dim  0 offset  18
  (  32) dim  0 offset  18
PetscSection Object: U0 2 MPI processes
  type not yet set
1 fields
  field 0 with 2 components
Process 0:
  (   0) dim  0 offset   0
  (   1) dim  0 offset   0
  (   2) dim  0 offset   0
  (   3) dim  0 offset   0
  (   4) dim  0 offset   0
  (   5) dim  0 offset   0
  (   6) dim  0 offset   0
  (   7) dim  0 offset   0
  (   8) dim  2 offset   0
  (   9) dim  2 offset   2
  (  10) dim  2 offset   4
  (  11) dim  2 offset   6
  (  12) dim  2 offset   8
  (  13) dim  0 offset  10
  (  14) dim  2 offset  10
  (  15) dim  2 offset  12
  (  16) dim  2 offset  14
  (  17) dim  0 offset  16
  (  18) dim  0 offset  16
  (  19) dim  0 offset  16
  (  20) dim  0 offset  16
  (  21) dim  0 offset  16
  (  22) dim  0 offset  16
  (  23) dim  0 offset  16
  (  24) dim  0 offset  16
  (  25) dim  0 offset  16
  (  26) dim  0 offset  16
  (  27) dim  0 offset  16
  (  28) dim  0 offset  16
  (  29) dim  0 offset  16
  (  30) dim  0 offset  16
  (  31) dim  0 offset  16
  (  32) dim  0 offset  16
Process 1:
  (   0) dim  0 offset   0
  (   1) dim  0 offset   0
  (   2) dim  0 offset   0
  (   3) dim  0 offset   0
  (   4) dim  0 offset   0
  (   5) dim  0 offset   0
  (   6) dim  0 offset   0
  (   7) dim  0 offset   0
  (   8) dim  2 offset   0
  (   9) dim  2 offset   2
  (  10) dim  0 offset   4
  (  11) dim  2 offset   4
  (  12) dim  2 offset   6
  (  13) dim  2 offset   8
  (  14) dim  2 offset  10
  (  15) dim  2 offset  12
  (  16) dim  2 offset  14
  (  17) dim  0 offset  16
  (  18) dim  0 offset  16
  (  19) dim  0 offset  16
  (  20) dim  0 offset  16
  (  21) dim  0 offset  16
  (  22) dim  0 offset  16
  (  23) dim  0 offset  16
  (  24) dim  0 offset  16
  (  25) dim  0 offset  16
  (  26) dim  0 offset  16
  (  27) dim  0 offset  16
  (  28) dim  0 offset  16
  (  29) dim  0 offset  16
  (  30) dim  0 offset  16
  (  31) dim  0 offset  16
  (  32) dim  0 offset  16
PetscSection Object: V 2 MPI processes
  type not yet set
1 fields
  field 0 with 2 components
Process 0:
  (   0) dim  2 offset   0
  (   1) dim  2 offset   2
  (   2) dim  2 offset   4
  (   3) dim  2 offset   6
  (   4) dim  2 offset   8
  (   5) dim  2 offset  10
  (   6) dim  2 offset  12
  (   7) dim  2 offset  14
  (   8) dim  0 offset  16
  (   9) dim  0 offset  16
  (  10) dim  0 offset  16
  (  11) dim  0 offset  16
  (  12) dim  0 offset  16
  (  13) dim  0 offset  16
  (  14) dim  0 offset  16
  (  15) dim  0 offset  16
  (  16) dim  0 offset  16
  (  17) dim  0 offset  16
  (  18) dim  0 offset  16
  (  19) dim  0 offset  16
  (  20) dim  0 offset  16
  (  21) dim  0 offset  16
  (  22) dim  0 offset  16
  (  23) dim  0 offset  16
  (  24) dim  0 offset  16
  (  25) dim  0 offset  16
  (  26) dim  0 offset  16
  (  27) dim  0 offset  16
  (  28) dim  0 offset  16
  (  29) dim  0 offset  16
  (  30) dim  0 offset  16
  (  31) dim  0 offset  16
  (  32) dim  0 offset  16
Process 1:
  (   0) dim  2 offset   0
  (   1) dim  2 offset   2
  (   2) dim  2 offset   4
  (   3) dim  2 offset   6
  (   4) dim  2 offset   8
  (   5) dim  2 offset  10
  (   6) dim  2 offset  12
  (   7) dim  2 offset  14
  (   8) dim  0 offset  16
  (   9) dim  0 offset  16
  (  10) dim  0 offset  16
  (  11) dim  0 offset  16
  (  12) dim  0 offset  16
  (  13) dim  0 offset  16
  (  14) dim  0 offset  16
  (  15) dim  0 offset  16
  (  16) dim  0 offset  16
  (  17) dim  0 offset  16
  (  18) dim  0 offset  16
  (  19) dim  0 offset  16
  (  20) dim  0 offset  16
  (  21) dim  0 offset  16
  (  22) dim  0 offset  16
  (  23) dim  0 offset  16
  (  24) dim  0 offset  16
  (  25) dim  0 offset  16
  (  26) dim  0 offset  16
  (  27) dim  0 offset  16
  (  28) dim  0 offset  16
  (  29) dim  0 offset  16
  (  30) dim  0 offset  16
  (  31) dim  0 offset  16
  (  32) dim  0 offset  16
PetscSection Object: V0 2 MPI processes
  type not yet set
1 fields
  field 0 with 2 components
Process 0:
  (   0) dim  0 offset   0
  (   1) dim  0 offset   0
  (   2) dim  0 offset   0
  (   3) dim  0 offset   0
  (   4) dim  0 offset   0
  (   5) dim  0 offset   0
  (   6) dim  0 offset   0
  (   7) dim  0 offset   0
  (   8) dim  0 offset   0
  (   9) dim  0 offset   0
  (  10) dim  0 offset   0
  (  11) dim  0 offset   0
  (  12) dim  0 offset   0
  (  13) dim  0 offset   0
  (  14) dim  0 offset   0
  (  15) dim  0 offset   0
  (  16) dim  0 offset   0
  (  17) dim  0 offset   0
  (  18) dim  0 offset   0
  (  19) dim  2 offset   0
  (  20) dim  2 offset   2
  (  21) dim  0 offset   4
  (  22) dim  2 offset   4
  (  23) dim  2 offset   6
  (  24) dim  0 offset   8
  (  25) dim  0 offset   8
  (  26) dim  0 offset   8
  (  27) dim  0 offset   8
  (  28) dim  0 offset   8
  (  29) dim  2 offset   8
  (  30) dim  2 offset  10
  (  31) dim  2 offset  12
  (  32) dim  2 offset  14
Process 1:
  (   0) dim  0 offset   0
  (   1) dim  0 offset   0
  (   2) dim  0 offset   0
  (   3) dim  0 offset   0
  (   4) dim  0 offset   0
  (   5) dim  0 offset   0
  (   6) dim  0 offset   0
  (   7) dim  0 offset   0
  (   8) dim  0 offset   0
  (   9) dim  0 offset   0
  (  10) dim  0 offset   0
  (  11) dim  0 offset   0
  (  12) dim  0 offset   0
  (  13) dim  0 offset   0
  (  14) dim  0 offset   0
  (  15) dim  0 offset   0
  (  16) dim  0 offset   0
  (  17) dim  0 offset   0
  (  18) dim  0 offset   0
  (  19) dim  0 offset   0
  (  20) dim  0 offset   0
  (  21) dim  0 offset   0
  (  22) dim  2 offset   0
  (  23) dim  2 offset   2
  (  24) dim  2 offset   4
  (  25) dim  2 offset   6
  (  26) dim  0 offset   8
  (  27) dim  0 offset   8
  (  28) dim  2 offset   8
  (  29) dim  2 offset  10
  (  30) dim  0 offset  12
  (  31) dim  2 offset  12
  (  32) dim  2 offset  14
