 
 
 
 MEF90 Global Context:  
  geometry file:       /Users/blaise/Development/mef90/mef90-dmplex/TestMeshes/SquareFaceSet.gen 
  result file:         runTestDMPlexVecGetClosure.exo 
  log file:            runTestDMPlexVecGetClosure.log 
PetscBag Object:  MEF90Ctx () MEF90 Global options object
  verbose = 1 ; Verbosity: level
  dryrun =  FALSE; Dry run in order to validate the options file. Use in combination with -h to print help or -verbose 1 to check input deck
  time_interpolation = linear; (MEF90TimeInterpolation) Time: interpolation type
  time_min = 0. ; Time: min
  time_max = 1. ; Time: max
  time_numstep = 11 ; Time: number of time steps
  time_skip = 0 ; Time: number of time steps
  time_numCycle = 1 ; Time: number of cycles
  element_family = Lagrange; (MEF90ElementFamily) Element family (possibly overridden in application contexts)
  element_order = 1 ; Element order (possibly overridden in application contexts)
 
Time values array: 
 0:   0.0000e+00   1.0000e-01   2.0000e-01   3.0000e-01   4.0000e-01
 5:   5.0000e-01   6.0000e-01   7.0000e-01   8.0000e-01   9.0000e-01
10:   1.0000e+00
=== 
PetscSection Object: 2 MPI processes
  type not yet set
Process 0:
  (   0) dim  1 offset   0
  (   1) dim  0 offset   1
  (   2) dim  0 offset   1
  (   3) dim  0 offset   1
  (   4) dim  0 offset   1
  (   5) dim  0 offset   1
  (   6) dim  0 offset   1
  (   7) dim  0 offset   1
  (   8) dim  0 offset   1
  (   9) dim  0 offset   1
  (  10) dim  0 offset   1
  (  11) dim  0 offset   1
  (  12) dim  0 offset   1
  (  13) dim  0 offset   1
  (  14) dim  0 offset   1
  (  15) dim  0 offset   1
  (  16) dim  0 offset   1
  (  17) dim  0 offset   1
  (  18) dim  0 offset   1
Process 1:
  (   0) dim  1 offset   0
  (   1) dim  0 offset   1
  (   2) dim  0 offset   1
  (   3) dim  0 offset   1
  (   4) dim  0 offset   1
  (   5) dim  0 offset   1
  (   6) dim  0 offset   1
  (   7) dim  0 offset   1
  (   8) dim  0 offset   1
  (   9) dim  0 offset   1
  (  10) dim  0 offset   1
  (  11) dim  0 offset   1
  (  12) dim  0 offset   1
  (  13) dim  0 offset   1
  (  14) dim  0 offset   1
  (  15) dim  0 offset   1
  (  16) dim  0 offset   1
  (  17) dim  0 offset   1
  (  18) dim  0 offset   1
Vec Object: 1 MPI process
  type: seq
-1.
Vec Object: 1 MPI process
  type: seq
-1.
Cell closure 
 cells:                     0                    4
 cells:                     0                    4
                    0  -1.0000000000000000       
Point Values 
                    0  -1.0000000000000000       
                    0  -1.0000000000000000       
                    0  -1.0000000000000000       
