 A:         1.0000000000000000        2.0000000000000000        5.0000000000000000        0.0000000000000000        0.0000000000000000        0.0000000000000000     
 C:        -1.2300000000000000       -1.2300000000000000       -1.2300000000000000        999.89999999999998       -1.2300000000000000       -1.2300000000000000     
 b:         0.0000000000000000        0.0000000000000000        0.0000000000000000     
 p:        -1.0000000000000000        2.0000000000000000       -5.0000000000000000     
 sigmac:    1.0000000000000000     
iter:    1 f: 6.7000e+01 |c|: 0.0000e+00
 A:         1.0000000000000000        2.0000000000000000        5.0000000000000000        0.0000000000000000        0.0000000000000000        0.0000000000000000     
 C:        -1.2300000000000000       -1.2300000000000000       -1.2300000000000000        999.89999999999998       -1.2300000000000000       -1.2300000000000000     
 b:         0.0000000000000000        0.0000000000000000        0.0000000000000000     
 p:        -1.0000000000000000        2.0000000000000000       -5.0000000000000000     
 sigmac:    1.0000000000000000     
iter:    2 f: 5.0611e+01 |c|: 3.5527e-15 |T|: 6.6667e-01
$ L1SQP
$ n: 3
$ m: 1
$ p: 6
$ f: 5.0611111111e+01
$ |c|: 3.55271e-15
$ |T|: 1.24345e-14
$ exit code: 0
$ iterations: 2
$ function evaluations: 2
$ gradient evaluations: 2
$ second-order corrections: 0
$ QP problems: 2
 exit_code:            0
 x:           0.33333333333333304       0.33333333333333171      -0.66666666666666829     
