registering material 01 
PetscBag Object:  2D material 01 MatProp2D object: material properties
  Name = MEF90_Mathium2D; 
  Density = 1 ; [kg.m^(-3)] (rho) Density
  FractureToughness = 1 ; [N.m^(-1)] (G_c) Fracture toughness
  SpecificHeat = 1 ; [J.kg^(-1).K^(-1)] (Cp) Specific heat
  ThermalConductivity = 1 1 0 ; [J.m^(-1).s^(-1).K^(-1)] (K) Thermal conductivity
  LinearThermalExpansion = 1 1 0 ; [K^(-1)] (alpha) Linear thermal expansion matrix
  HookesLaw = 1 0 0 1 0 1 ; [N.m^(-2)] (A) Hooke's law
 
registering material 01 
PetscBag Object:  3D material 01 MatProp3D object: material properties
  Name = MEF90_Mathium3D; 
  Density = 1 ; [kg.m^(-3)] (rho) Density
  FractureToughness = 1 ; [N.m^(-1)] (G_c) Fracture toughness
  SpecificHeat = 1 ; [J.kg^(-1).K^(-1)] (Cp) Specific heat
  ThermalConductivity = 1 1 1 0 0 0 ; [J.m^(-1).s^(-1).K^(-1)] (K) Thermal conductivity
  LinearThermalExpansion = 1 1 1 0 0 0 ; [K^(-1)] (alpha) Linear thermal expansion matrix
  HookesLaw = 1 0 0 0 0 0 1 0 0 0 0 1 0 0 0 1 0 0 1 0 1 ; [N.m^(-2)] (A) Hooke's law
 
