 
 
 
 MEF90 Global Context:  
  geometry file:       /Users/blaise/Development/mef90/mef90-dmplex/TestMeshes/SquareFaceSet.gen 
  result file:         runTestVecSetBCFromOptions.exo 
  log file:            runTestVecSetBCFromOptions.log 
PetscBag Object:  MEF90Ctx () MEF90 Global options object
  verbose = 1 ; Verbosity: level
  dryrun =  FALSE; Dry run in order to validate the options file. Use in combination with -h to print help or -verbose 1 to check input deck
  time_interpolation = linear; (MEF90TimeInterpolation) Time: interpolation type
  time_min = 0. ; Time: min
  time_max = 1. ; Time: max
  time_numstep = 11 ; Time: number of time steps
  time_skip = 0 ; Time: number of time steps
  time_numCycle = 1 ; Time: number of cycles
  element_family = Lagrange; (MEF90ElementFamily) Element family (possibly overridden in application contexts)
  element_order = 1 ; Element order (possibly overridden in application contexts)
 
Vec Object: Temperature 1 MPI process
  type: seq
-1.234
-1.234
-1.234
Vec Object: Temperature 1 MPI process
  type: seq
-1.234
-1.234
-1.234
-1.234
100.
101.
100.
101.
-1.234
-1.234
100.
101.
-1.234
-1.234
-1.234
-1.234
-1.234
-1.234
-1.234
-1.234
-1.234
Vec Object: Temperature 1 MPI process
  type: seq
1000.
0.
Vec Object: Temperature 1 MPI process
  type: seq
20.
0.
5.678
5.678
1000.
0.
5.678
1000.
0.
100.
0.
100.
0.
1000.
0.
100.
0.
PetscSection Object: Temperature 2 MPI processes
  type not yet set
5.678
20.
0.
1000.
0.
1 fields
  field 0 with 2 components
Process 0:
  (   0) dim  0 offset   0
  (   1) dim  0 offset   0
  (   2) dim  0 offset   0
  (   3) dim  0 offset   0
  (   4) dim  2 offset   0
  (   5) dim  2 offset   2
  (   6) dim  2 offset   4 constrained 0 1
  (   7) dim  2 offset   6 constrained 0 1
  (   8) dim  2 offset   8
  (   9) dim  2 offset  10 constrained 0 1
  (  10) dim  0 offset  12
  (  11) dim  0 offset  12
  (  12) dim  0 offset  12
  (  13) dim  0 offset  12
  (  14) dim  0 offset  12
  (  15) dim  0 offset  12
  (  16) dim  0 offset  12
  (  17) dim  0 offset  12
  (  18) dim  0 offset  12
Process 1:
  (   0) dim  0 offset   0
  (   1) dim  0 offset   0
  (   2) dim  0 offset   0
  (   3) dim  0 offset   0
  (   4) dim  2 offset   0
  (   5) dim  2 offset   2
  (   6) dim  2 offset   4
  (   7) dim  2 offset   6
  (   8) dim  2 offset   8
  (   9) dim  2 offset  10
  (  10) dim  0 offset  12
  (  11) dim  0 offset  12
  (  12) dim  0 offset  12
  (  13) dim  0 offset  12
  (  14) dim  0 offset  12
  (  15) dim  0 offset  12
  (  16) dim  0 offset  12
  (  17) dim  0 offset  12
  (  18) dim  0 offset  12
